Archive member included to satisfy reference by file (symbol)

../lib_dir/libstatique.a(button.o)
                              depart.o (_ZN6ButtonC1EPVhh)
../lib_dir/libstatique.a(can.o)
                              depart.o (_ZN3canC1Ev)
../lib_dir/libstatique.a(communication.o)
                              depart.o (_ZN13CommunicationC1Ev)
../lib_dir/libstatique.a(led.o)
                              depart.o (_ZN3LedC1EPVhS1_hh)
../lib_dir/libstatique.a(memoire_24.o)
                              depart.o (_ZN13Memoire24CXXXD1Ev)
../lib_dir/libstatique.a(music.o)
                              depart.o (_ZN5MusicC1Ev)
../lib_dir/libstatique.a(navigation.o)
                              depart.o (_ZN10NavigationC1Ev)
../lib_dir/libstatique.a(point.o)
                              depart.o (_ZN5PointC1Ehh)
../lib_dir/libstatique.a(wheel.o)
                              ../lib_dir/libstatique.a(navigation.o) (_ZN5Wheel10setPWMLeftEh)
/usr/lib/gcc/avr/11.2.0/avr5/libgcc.a(_udivmodhi4.o)
                              depart.o (__udivmodhi4)
/usr/lib/gcc/avr/11.2.0/avr5/libgcc.a(_divmodhi4.o)
                              ../lib_dir/libstatique.a(wheel.o) (__divmodhi4)
/usr/lib/gcc/avr/11.2.0/avr5/libgcc.a(_exit.o)
                              /usr/lib/gcc/avr/11.2.0/../../../../avr/lib/avr5/crtatmega324pa.o (exit)
/usr/lib/gcc/avr/11.2.0/avr5/libgcc.a(_tablejump2.o)
                              depart.o (__tablejump2__)
/usr/lib/gcc/avr/11.2.0/avr5/libgcc.a(_copy_data.o)
                              ../lib_dir/libstatique.a(memoire_24.o) (__do_copy_data)
/usr/lib/gcc/avr/11.2.0/avr5/libgcc.a(_clear_bss.o)
                              depart.o (__do_clear_bss)
/usr/lib/gcc/avr/11.2.0/avr5/libgcc.a(_ctors.o)
                              depart.o (__do_global_ctors)
/usr/lib/gcc/avr/11.2.0/avr5/libgcc.a(_dtors.o)
                              depart.o (__do_global_dtors)
/usr/lib/gcc/avr/11.2.0/../../../../avr/lib/avr5/libm.a(fixunssfsi.o)
                              ../lib_dir/libstatique.a(music.o) (__fixunssfsi)
/usr/lib/gcc/avr/11.2.0/../../../../avr/lib/avr5/libm.a(fp_split3.o)
                              /usr/lib/gcc/avr/11.2.0/../../../../avr/lib/avr5/libm.a(fixunssfsi.o) (__fp_splitA)
/usr/lib/gcc/avr/11.2.0/../../../../avr/lib/avr5/libm.a(fp_zero.o)
                              /usr/lib/gcc/avr/11.2.0/../../../../avr/lib/avr5/libm.a(fixunssfsi.o) (__fp_zero)

Memory Configuration

Name             Origin             Length             Attributes
text             0x0000000000000000 0x0000000000008000 xr
data             0x0000000000800060 0x0000000000000800 rw !x
eeprom           0x0000000000810000 0x0000000000000400 rw !x
fuse             0x0000000000820000 0x0000000000000003 rw !x
lock             0x0000000000830000 0x0000000000000400 rw !x
signature        0x0000000000840000 0x0000000000000400 rw !x
user_signatures  0x0000000000850000 0x0000000000000400 rw !x
*default*        0x0000000000000000 0xffffffffffffffff

Linker script and memory map

Address of section .data set to 0x800100
LOAD /usr/lib/gcc/avr/11.2.0/../../../../avr/lib/avr5/crtatmega324pa.o
LOAD cases.o
LOAD depart.o
LOAD depart_update.o
LOAD main.o
LOAD /usr/lib/gcc/avr/11.2.0/../../../../avr/lib/avr5/libm.a
LOAD ../lib_dir/libstatique.a
START GROUP
LOAD /usr/lib/gcc/avr/11.2.0/avr5/libgcc.a
LOAD /usr/lib/gcc/avr/11.2.0/../../../../avr/lib/avr5/libm.a
LOAD /usr/lib/gcc/avr/11.2.0/../../../../avr/lib/avr5/libc.a
LOAD /usr/lib/gcc/avr/11.2.0/../../../../avr/lib/avr5/libatmega324pa.a
END GROUP
                [0x0000000000008000]                __TEXT_REGION_LENGTH__ = DEFINED (__TEXT_REGION_LENGTH__)?__TEXT_REGION_LENGTH__:0x20000
                [0x0000000000000800]                __DATA_REGION_LENGTH__ = DEFINED (__DATA_REGION_LENGTH__)?__DATA_REGION_LENGTH__:0xffa0
                [0x0000000000000400]                __EEPROM_REGION_LENGTH__ = DEFINED (__EEPROM_REGION_LENGTH__)?__EEPROM_REGION_LENGTH__:0x10000
                [0x0000000000000003]                __FUSE_REGION_LENGTH__ = DEFINED (__FUSE_REGION_LENGTH__)?__FUSE_REGION_LENGTH__:0x400
                0x0000000000000400                __LOCK_REGION_LENGTH__ = DEFINED (__LOCK_REGION_LENGTH__)?__LOCK_REGION_LENGTH__:0x400
                0x0000000000000400                __SIGNATURE_REGION_LENGTH__ = DEFINED (__SIGNATURE_REGION_LENGTH__)?__SIGNATURE_REGION_LENGTH__:0x400
                0x0000000000000400                __USER_SIGNATURE_REGION_LENGTH__ = DEFINED (__USER_SIGNATURE_REGION_LENGTH__)?__USER_SIGNATURE_REGION_LENGTH__:0x400

.hash
 *(.hash)

.dynsym
 *(.dynsym)

.dynstr
 *(.dynstr)

.gnu.version
 *(.gnu.version)

.gnu.version_d
 *(.gnu.version_d)

.gnu.version_r
 *(.gnu.version_r)

.rel.init
 *(.rel.init)

.rela.init
 *(.rela.init)

.rel.text
 *(.rel.text)
 *(.rel.text.*)
 *(.rel.gnu.linkonce.t*)

.rela.text
 *(.rela.text)
 *(.rela.text.*)
 *(.rela.gnu.linkonce.t*)

.rel.fini
 *(.rel.fini)

.rela.fini
 *(.rela.fini)

.rel.rodata
 *(.rel.rodata)
 *(.rel.rodata.*)
 *(.rel.gnu.linkonce.r*)

.rela.rodata
 *(.rela.rodata)
 *(.rela.rodata.*)
 *(.rela.gnu.linkonce.r*)

.rel.data
 *(.rel.data)
 *(.rel.data.*)
 *(.rel.gnu.linkonce.d*)

.rela.data
 *(.rela.data)
 *(.rela.data.*)
 *(.rela.gnu.linkonce.d*)

.rel.ctors
 *(.rel.ctors)

.rela.ctors
 *(.rela.ctors)

.rel.dtors
 *(.rel.dtors)

.rela.dtors
 *(.rela.dtors)

.rel.got
 *(.rel.got)

.rela.got
 *(.rela.got)

.rel.bss
 *(.rel.bss)

.rela.bss
 *(.rela.bss)

.rel.plt
 *(.rel.plt)

.rela.plt
 *(.rela.plt)

.text           0x0000000000000000     0x21ca
 *(.vectors)
 .vectors       0x0000000000000000       0x7c /usr/lib/gcc/avr/11.2.0/../../../../avr/lib/avr5/crtatmega324pa.o
                0x0000000000000000                __vectors
                0x0000000000000000                __vector_default
 *(.vectors)
 *(.progmem.gcc*)
                0x000000000000007c                . = ALIGN (0x2)
                0x000000000000007c                __trampolines_start = .
 *(.trampolines)
 .trampolines   0x000000000000007c        0x0 linker stubs
 *(.trampolines*)
                0x000000000000007c                __trampolines_end = .
 *libprintf_flt.a:*(.progmem.data)
 *libc.a:*(.progmem.data)
 *(.progmem.*)
                0x000000000000007c                . = ALIGN (0x2)
 *(.lowtext)
 *(.lowtext*)
                0x000000000000007c                __ctors_start = .
 *(.ctors)
 .ctors         0x000000000000007c        0x2 depart.o
                0x000000000000007e                __ctors_end = .
                0x000000000000007e                __dtors_start = .
 *(.dtors)
 .dtors         0x000000000000007e        0x2 depart.o
                0x0000000000000080                __dtors_end = .
 SORT_BY_NAME(*)(.ctors)
 SORT_BY_NAME(*)(.dtors)
 *(.init0)
 .init0         0x0000000000000080        0x0 /usr/lib/gcc/avr/11.2.0/../../../../avr/lib/avr5/crtatmega324pa.o
                0x0000000000000080                __init
 *(.init0)
 *(.init1)
 *(.init1)
 *(.init2)
 .init2         0x0000000000000080        0xc /usr/lib/gcc/avr/11.2.0/../../../../avr/lib/avr5/crtatmega324pa.o
 *(.init2)
 *(.init3)
 *(.init3)
 *(.init4)
 .init4         0x000000000000008c       0x16 /usr/lib/gcc/avr/11.2.0/avr5/libgcc.a(_copy_data.o)
                0x000000000000008c                __do_copy_data
 .init4         0x00000000000000a2       0x10 /usr/lib/gcc/avr/11.2.0/avr5/libgcc.a(_clear_bss.o)
                0x00000000000000a2                __do_clear_bss
 *(.init4)
 *(.init5)
 *(.init5)
 *(.init6)
 .init6         0x00000000000000b2       0x16 /usr/lib/gcc/avr/11.2.0/avr5/libgcc.a(_ctors.o)
                0x00000000000000b2                __do_global_ctors
 *(.init6)
 *(.init7)
 *(.init7)
 *(.init8)
 *(.init8)
 *(.init9)
 .init9         0x00000000000000c8        0x8 /usr/lib/gcc/avr/11.2.0/../../../../avr/lib/avr5/crtatmega324pa.o
 *(.init9)
 *(.text)
 .text          0x00000000000000d0        0x4 /usr/lib/gcc/avr/11.2.0/../../../../avr/lib/avr5/crtatmega324pa.o
                0x00000000000000d0                __vector_22
                0x00000000000000d0                __vector_28
                0x00000000000000d0                __vector_24
                0x00000000000000d0                __vector_12
                0x00000000000000d0                __bad_interrupt
                0x00000000000000d0                __vector_6
                0x00000000000000d0                __vector_3
                0x00000000000000d0                __vector_23
                0x00000000000000d0                __vector_30
                0x00000000000000d0                __vector_25
                0x00000000000000d0                __vector_11
                0x00000000000000d0                __vector_13
                0x00000000000000d0                __vector_17
                0x00000000000000d0                __vector_19
                0x00000000000000d0                __vector_7
                0x00000000000000d0                __vector_27
                0x00000000000000d0                __vector_5
                0x00000000000000d0                __vector_4
                0x00000000000000d0                __vector_21
                0x00000000000000d0                __vector_15
                0x00000000000000d0                __vector_29
                0x00000000000000d0                __vector_8
                0x00000000000000d0                __vector_26
                0x00000000000000d0                __vector_14
                0x00000000000000d0                __vector_10
                0x00000000000000d0                __vector_16
                0x00000000000000d0                __vector_18
                0x00000000000000d0                __vector_20
 .text          0x00000000000000d4        0x0 cases.o
 .text          0x00000000000000d4      0x636 depart.o
                0x00000000000000d4                _Z18initialisationUARTv
                0x0000000000000104                _Z16transmissionUARTh
                0x0000000000000112                _Z10turnLeft45v
                0x0000000000000148                _Z11turnRight45v
                0x000000000000017e                _Z6unPeuDv
                0x00000000000001b4                _Z6unPeuGv
                0x00000000000001ea                _Z5miniDv
                0x0000000000000220                _Z5miniGv
                0x0000000000000256                _Z9detecteurv
                0x0000000000000290                _Z5north5Pointb
                0x00000000000002c6                _Z6northE5Pointb
                0x0000000000000314                _Z4east5Pointb
                0x000000000000034a                _Z6southE5Pointb
                0x0000000000000398                _Z5south5Pointb
                0x00000000000003ce                _Z6southW5Pointb
                0x000000000000041c                _Z4west5Pointb
                0x0000000000000452                _Z6northW5Pointb
                0x00000000000004a0                _Z10detectionDv
                0x0000000000000512                _Z10detectionGv
                0x0000000000000584                _Z10moveIfHerev
                0x0000000000000690                __vector_1
                0x00000000000006b6                __vector_2
                0x00000000000006dc                __vector_9
 .text          0x000000000000070a        0x0 depart_update.o
 .text          0x000000000000070a        0x0 main.o
 .text          0x000000000000070a       0x84 ../lib_dir/libstatique.a(button.o)
                0x000000000000070a                _ZN6ButtonC2EPVhh
                0x000000000000070a                _ZN6ButtonC1EPVhh
                0x000000000000072e                _ZN6Button19startInitializationEhhh
                0x000000000000076e                _ZN6Button14debounceButtonEh
 .text          0x000000000000078e       0x58 ../lib_dir/libstatique.a(can.o)
                0x000000000000078e                _ZN3canC2Ev
                0x000000000000078e                _ZN3canC1Ev
                0x000000000000079a                _ZN3canD1Ev
                0x000000000000079a                _ZN3canD2Ev
                0x00000000000007a0                _ZN3can7lectureEh
 .text          0x00000000000007e6       0x78 ../lib_dir/libstatique.a(communication.o)
                0x00000000000007e6                _ZN13Communication18initialisationUARTEv
                0x0000000000000816                _ZN13CommunicationC2Ev
                0x0000000000000816                _ZN13CommunicationC1Ev
                0x000000000000081a                _ZN13Communication8readUARTEv
                0x0000000000000828                _ZN13Communication16transmissionUARTEh
                0x0000000000000836                _ZN13Communication11sendMessageEPKc
 .text          0x000000000000085e      0x17e ../lib_dir/libstatique.a(led.o)
                0x000000000000085e                _ZN3LedC1EPVhS1_hh
                0x000000000000085e                _ZN3LedC2EPVhS1_hh
                0x0000000000000892                _ZN3Led6setOffEv
                0x00000000000008a0                _ZN3Led8setGreenEv
                0x00000000000008c8                _ZN3Led6setRedEv
                0x00000000000008f0                _ZN3Led8setAmberEv
                0x0000000000000922                _ZN3Led13setGreenFlashEv
                0x0000000000000960                _ZN3Led11setRedFlashEv
                0x000000000000099e                _ZN3Led13setAmberFlashEv
 .text          0x00000000000009dc      0x35e ../lib_dir/libstatique.a(memoire_24.o)
                0x00000000000009dc                _ZN13Memoire24CXXXD2Ev
                0x00000000000009dc                _ZN13Memoire24CXXXD1Ev
                0x00000000000009de                _ZN13Memoire24CXXX4initEv
                0x00000000000009f0                _ZN13Memoire24CXXXC2Ev
                0x00000000000009f0                _ZN13Memoire24CXXXC1Ev
                0x00000000000009fc                _ZN13Memoire24CXXX12choisir_bancEh
                0x0000000000000a12                _ZN13Memoire24CXXX7lectureEjPh
                0x0000000000000ad4                _ZN13Memoire24CXXX7lectureEjPhh
                0x0000000000000b9e                _ZN13Memoire24CXXX8ecritureEjh
                0x0000000000000c2e                _ZN13Memoire24CXXX11ecrire_pageEjPhh
                0x0000000000000cf0                _ZN13Memoire24CXXX8ecritureEjPhh
 .text          0x0000000000000d3a      0xb12 ../lib_dir/libstatique.a(music.o)
                0x0000000000000d82                _ZN5MusicC2Ev
                0x0000000000000d82                _ZN5MusicC1Ev
                0x0000000000000d84                _ZN5Music15defineFrequenceEi
                0x0000000000001016                _ZN5Music8playnoteEd
                0x000000000000105e                _ZN5Music9makePauseEv
                0x000000000000106c                _ZN5Music14highPitchSoundEv
                0x0000000000001168                _ZN5Music14playRickRolledEv
 .text          0x000000000000184c      0x150 ../lib_dir/libstatique.a(navigation.o)
                0x000000000000184c                _ZN10NavigationC2Ev
                0x000000000000184c                _ZN10NavigationC1Ev
                0x0000000000001868                _ZN10Navigation11moveForwardEh
                0x0000000000001892                _ZN10Navigation12moveBackwardEh
                0x00000000000018d4                _ZN10Navigation8turnLeftEv
                0x000000000000190e                _ZN10Navigation9turnRightEv
                0x0000000000001948                _ZN10Navigation8turnBackEv
                0x0000000000001980                _ZN10Navigation7turnOffEv
 .text          0x000000000000199c       0x44 ../lib_dir/libstatique.a(point.o)
                0x000000000000199c                _ZN5PointC1Ehh
                0x000000000000199c                _ZN5PointC2Ehh
                0x00000000000019a4                _ZNK5Point9getPointXEv
                0x00000000000019aa                _ZNK5Point9getPointYEv
                0x00000000000019b0                _ZNK5Point11moveInFrontERS_
                0x00000000000019ba                _ZNK5Point8moveBackERS_
                0x00000000000019c4                _ZNK5Point9moveRightERS_
                0x00000000000019ce                _ZNK5Point8moveLeftERS_
                0x00000000000019d8                _ZN5Point8setPointEhh
 .text          0x00000000000019e0       0x6a ../lib_dir/libstatique.a(wheel.o)
                0x00000000000019e0                _ZN5Wheel10setPWMLeftEh
                0x00000000000019f6                _ZN5Wheel11setPWMRightEh
                0x0000000000001a0e                _ZN5WheelC1Ev
                0x0000000000001a0e                _ZN5WheelC2Ev
 .text          0x0000000000001a4a        0x0 /usr/lib/gcc/avr/11.2.0/avr5/libgcc.a(_udivmodhi4.o)
 .text          0x0000000000001a4a        0x0 /usr/lib/gcc/avr/11.2.0/avr5/libgcc.a(_divmodhi4.o)
 .text          0x0000000000001a4a        0x0 /usr/lib/gcc/avr/11.2.0/avr5/libgcc.a(_exit.o)
 .text          0x0000000000001a4a        0x0 /usr/lib/gcc/avr/11.2.0/avr5/libgcc.a(_tablejump2.o)
 .text          0x0000000000001a4a        0x0 /usr/lib/gcc/avr/11.2.0/avr5/libgcc.a(_copy_data.o)
 .text          0x0000000000001a4a        0x0 /usr/lib/gcc/avr/11.2.0/avr5/libgcc.a(_clear_bss.o)
 .text          0x0000000000001a4a        0x0 /usr/lib/gcc/avr/11.2.0/avr5/libgcc.a(_ctors.o)
 .text          0x0000000000001a4a        0x0 /usr/lib/gcc/avr/11.2.0/avr5/libgcc.a(_dtors.o)
 .text          0x0000000000001a4a        0x0 /usr/lib/gcc/avr/11.2.0/../../../../avr/lib/avr5/libm.a(fixunssfsi.o)
 .text          0x0000000000001a4a        0x0 /usr/lib/gcc/avr/11.2.0/../../../../avr/lib/avr5/libm.a(fp_split3.o)
 .text          0x0000000000001a4a        0x0 /usr/lib/gcc/avr/11.2.0/../../../../avr/lib/avr5/libm.a(fp_zero.o)
                0x0000000000001a4a                . = ALIGN (0x2)
 *(.text.*)
 .text.startup  0x0000000000001a4a      0x61a depart.o
                0x0000000000001a4a                main
 .text.exit     0x0000000000002064       0x10 depart.o
 .text.libgcc.mul
                0x0000000000002074        0x0 /usr/lib/gcc/avr/11.2.0/avr5/libgcc.a(_udivmodhi4.o)
 .text.libgcc.div
                0x0000000000002074       0x28 /usr/lib/gcc/avr/11.2.0/avr5/libgcc.a(_udivmodhi4.o)
                0x0000000000002074                __udivmodhi4
 .text.libgcc   0x000000000000209c        0x0 /usr/lib/gcc/avr/11.2.0/avr5/libgcc.a(_udivmodhi4.o)
 .text.libgcc.prologue
                0x000000000000209c        0x0 /usr/lib/gcc/avr/11.2.0/avr5/libgcc.a(_udivmodhi4.o)
 .text.libgcc.builtins
                0x000000000000209c        0x0 /usr/lib/gcc/avr/11.2.0/avr5/libgcc.a(_udivmodhi4.o)
 .text.libgcc.fmul
                0x000000000000209c        0x0 /usr/lib/gcc/avr/11.2.0/avr5/libgcc.a(_udivmodhi4.o)
 .text.libgcc.fixed
                0x000000000000209c        0x0 /usr/lib/gcc/avr/11.2.0/avr5/libgcc.a(_udivmodhi4.o)
 .text.libgcc.mul
                0x000000000000209c        0x0 /usr/lib/gcc/avr/11.2.0/avr5/libgcc.a(_divmodhi4.o)
 .text.libgcc.div
                0x000000000000209c       0x28 /usr/lib/gcc/avr/11.2.0/avr5/libgcc.a(_divmodhi4.o)
                0x000000000000209c                __divmodhi4
                0x000000000000209c                _div
 .text.libgcc   0x00000000000020c4        0x0 /usr/lib/gcc/avr/11.2.0/avr5/libgcc.a(_divmodhi4.o)
 .text.libgcc.prologue
                0x00000000000020c4        0x0 /usr/lib/gcc/avr/11.2.0/avr5/libgcc.a(_divmodhi4.o)
 .text.libgcc.builtins
                0x00000000000020c4        0x0 /usr/lib/gcc/avr/11.2.0/avr5/libgcc.a(_divmodhi4.o)
 .text.libgcc.fmul
                0x00000000000020c4        0x0 /usr/lib/gcc/avr/11.2.0/avr5/libgcc.a(_divmodhi4.o)
 .text.libgcc.fixed
                0x00000000000020c4        0x0 /usr/lib/gcc/avr/11.2.0/avr5/libgcc.a(_divmodhi4.o)
 .text.libgcc.mul
                0x00000000000020c4        0x0 /usr/lib/gcc/avr/11.2.0/avr5/libgcc.a(_exit.o)
 .text.libgcc.div
                0x00000000000020c4        0x0 /usr/lib/gcc/avr/11.2.0/avr5/libgcc.a(_exit.o)
 .text.libgcc   0x00000000000020c4        0x0 /usr/lib/gcc/avr/11.2.0/avr5/libgcc.a(_exit.o)
 .text.libgcc.prologue
                0x00000000000020c4        0x0 /usr/lib/gcc/avr/11.2.0/avr5/libgcc.a(_exit.o)
 .text.libgcc.builtins
                0x00000000000020c4        0x0 /usr/lib/gcc/avr/11.2.0/avr5/libgcc.a(_exit.o)
 .text.libgcc.fmul
                0x00000000000020c4        0x0 /usr/lib/gcc/avr/11.2.0/avr5/libgcc.a(_exit.o)
 .text.libgcc.fixed
                0x00000000000020c4        0x0 /usr/lib/gcc/avr/11.2.0/avr5/libgcc.a(_exit.o)
 .text.libgcc.mul
                0x00000000000020c4        0x0 /usr/lib/gcc/avr/11.2.0/avr5/libgcc.a(_tablejump2.o)
 .text.libgcc.div
                0x00000000000020c4        0x0 /usr/lib/gcc/avr/11.2.0/avr5/libgcc.a(_tablejump2.o)
 .text.libgcc   0x00000000000020c4        0xc /usr/lib/gcc/avr/11.2.0/avr5/libgcc.a(_tablejump2.o)
                0x00000000000020c4                __tablejump2__
 .text.libgcc.prologue
                0x00000000000020d0        0x0 /usr/lib/gcc/avr/11.2.0/avr5/libgcc.a(_tablejump2.o)
 .text.libgcc.builtins
                0x00000000000020d0        0x0 /usr/lib/gcc/avr/11.2.0/avr5/libgcc.a(_tablejump2.o)
 .text.libgcc.fmul
                0x00000000000020d0        0x0 /usr/lib/gcc/avr/11.2.0/avr5/libgcc.a(_tablejump2.o)
 .text.libgcc.fixed
                0x00000000000020d0        0x0 /usr/lib/gcc/avr/11.2.0/avr5/libgcc.a(_tablejump2.o)
 .text.libgcc.mul
                0x00000000000020d0        0x0 /usr/lib/gcc/avr/11.2.0/avr5/libgcc.a(_copy_data.o)
 .text.libgcc.div
                0x00000000000020d0        0x0 /usr/lib/gcc/avr/11.2.0/avr5/libgcc.a(_copy_data.o)
 .text.libgcc   0x00000000000020d0        0x0 /usr/lib/gcc/avr/11.2.0/avr5/libgcc.a(_copy_data.o)
 .text.libgcc.prologue
                0x00000000000020d0        0x0 /usr/lib/gcc/avr/11.2.0/avr5/libgcc.a(_copy_data.o)
 .text.libgcc.builtins
                0x00000000000020d0        0x0 /usr/lib/gcc/avr/11.2.0/avr5/libgcc.a(_copy_data.o)
 .text.libgcc.fmul
                0x00000000000020d0        0x0 /usr/lib/gcc/avr/11.2.0/avr5/libgcc.a(_copy_data.o)
 .text.libgcc.fixed
                0x00000000000020d0        0x0 /usr/lib/gcc/avr/11.2.0/avr5/libgcc.a(_copy_data.o)
 .text.libgcc.mul
                0x00000000000020d0        0x0 /usr/lib/gcc/avr/11.2.0/avr5/libgcc.a(_clear_bss.o)
 .text.libgcc.div
                0x00000000000020d0        0x0 /usr/lib/gcc/avr/11.2.0/avr5/libgcc.a(_clear_bss.o)
 .text.libgcc   0x00000000000020d0        0x0 /usr/lib/gcc/avr/11.2.0/avr5/libgcc.a(_clear_bss.o)
 .text.libgcc.prologue
                0x00000000000020d0        0x0 /usr/lib/gcc/avr/11.2.0/avr5/libgcc.a(_clear_bss.o)
 .text.libgcc.builtins
                0x00000000000020d0        0x0 /usr/lib/gcc/avr/11.2.0/avr5/libgcc.a(_clear_bss.o)
 .text.libgcc.fmul
                0x00000000000020d0        0x0 /usr/lib/gcc/avr/11.2.0/avr5/libgcc.a(_clear_bss.o)
 .text.libgcc.fixed
                0x00000000000020d0        0x0 /usr/lib/gcc/avr/11.2.0/avr5/libgcc.a(_clear_bss.o)
 .text.libgcc.mul
                0x00000000000020d0        0x0 /usr/lib/gcc/avr/11.2.0/avr5/libgcc.a(_ctors.o)
 .text.libgcc.div
                0x00000000000020d0        0x0 /usr/lib/gcc/avr/11.2.0/avr5/libgcc.a(_ctors.o)
 .text.libgcc   0x00000000000020d0        0x0 /usr/lib/gcc/avr/11.2.0/avr5/libgcc.a(_ctors.o)
 .text.libgcc.prologue
                0x00000000000020d0        0x0 /usr/lib/gcc/avr/11.2.0/avr5/libgcc.a(_ctors.o)
 .text.libgcc.builtins
                0x00000000000020d0        0x0 /usr/lib/gcc/avr/11.2.0/avr5/libgcc.a(_ctors.o)
 .text.libgcc.fmul
                0x00000000000020d0        0x0 /usr/lib/gcc/avr/11.2.0/avr5/libgcc.a(_ctors.o)
 .text.libgcc.fixed
                0x00000000000020d0        0x0 /usr/lib/gcc/avr/11.2.0/avr5/libgcc.a(_ctors.o)
 .text.libgcc.mul
                0x00000000000020d0        0x0 /usr/lib/gcc/avr/11.2.0/avr5/libgcc.a(_dtors.o)
 .text.libgcc.div
                0x00000000000020d0        0x0 /usr/lib/gcc/avr/11.2.0/avr5/libgcc.a(_dtors.o)
 .text.libgcc   0x00000000000020d0        0x0 /usr/lib/gcc/avr/11.2.0/avr5/libgcc.a(_dtors.o)
 .text.libgcc.prologue
                0x00000000000020d0        0x0 /usr/lib/gcc/avr/11.2.0/avr5/libgcc.a(_dtors.o)
 .text.libgcc.builtins
                0x00000000000020d0        0x0 /usr/lib/gcc/avr/11.2.0/avr5/libgcc.a(_dtors.o)
 .text.libgcc.fmul
                0x00000000000020d0        0x0 /usr/lib/gcc/avr/11.2.0/avr5/libgcc.a(_dtors.o)
 .text.libgcc.fixed
                0x00000000000020d0        0x0 /usr/lib/gcc/avr/11.2.0/avr5/libgcc.a(_dtors.o)
 .text.avr-libc.fplib
                0x00000000000020d0       0x5e /usr/lib/gcc/avr/11.2.0/../../../../avr/lib/avr5/libm.a(fixunssfsi.o)
                0x00000000000020d0                __fixunssfsi
 .text.avr-libc.fplib
                0x000000000000212e       0x44 /usr/lib/gcc/avr/11.2.0/../../../../avr/lib/avr5/libm.a(fp_split3.o)
                0x000000000000212e                __fp_split3
                0x000000000000213e                __fp_splitA
 .text.avr-libc.fplib
                0x0000000000002172        0xe /usr/lib/gcc/avr/11.2.0/../../../../avr/lib/avr5/libm.a(fp_zero.o)
                0x0000000000002172                __fp_zero
                0x0000000000002174                __fp_szero
                0x0000000000002180                . = ALIGN (0x2)
 *(.fini9)
 .fini9         0x0000000000002180        0x0 /usr/lib/gcc/avr/11.2.0/avr5/libgcc.a(_exit.o)
                0x0000000000002180                exit
                0x0000000000002180                _exit
 *(.fini9)
 *(.fini8)
 *(.fini8)
 *(.fini7)
 *(.fini7)
 *(.fini6)
 .fini6         0x0000000000002180       0x16 /usr/lib/gcc/avr/11.2.0/avr5/libgcc.a(_dtors.o)
                0x0000000000002180                __do_global_dtors
 *(.fini6)
 *(.fini5)
 *(.fini5)
 *(.fini4)
 *(.fini4)
 *(.fini3)
 *(.fini3)
 *(.fini2)
 *(.fini2)
 *(.fini1)
 *(.fini1)
 *(.fini0)
 .fini0         0x0000000000002196        0x4 /usr/lib/gcc/avr/11.2.0/avr5/libgcc.a(_exit.o)
 *(.fini0)
 *(.hightext)
 *(.hightext*)
 *(.progmemx.*)
                0x000000000000219a                . = ALIGN (0x2)
 *(.jumptables)
 *(.jumptables*)
 .jumptables.gcc.main
                0x000000000000219a       0x30 depart.o
                0x00000000000021ca                _etext = .

.data           0x0000000000800100        0x2 load address 0x00000000000021ca
                0x0000000000800100                PROVIDE (__data_start = .)
 *(.data)
 .data          0x0000000000800100        0x0 /usr/lib/gcc/avr/11.2.0/../../../../avr/lib/avr5/crtatmega324pa.o
 .data          0x0000000000800100        0x0 cases.o
 .data          0x0000000000800100        0x0 depart.o
 .data          0x0000000000800100        0x0 depart_update.o
 .data          0x0000000000800100        0x0 main.o
 .data          0x0000000000800100        0x0 ../lib_dir/libstatique.a(button.o)
 .data          0x0000000000800100        0x0 ../lib_dir/libstatique.a(can.o)
 .data          0x0000000000800100        0x0 ../lib_dir/libstatique.a(communication.o)
 .data          0x0000000000800100        0x0 ../lib_dir/libstatique.a(led.o)
 .data          0x0000000000800100        0x1 ../lib_dir/libstatique.a(memoire_24.o)
                0x0000000000800100                _ZN13Memoire24CXXX22m_adresse_peripheriqueE
 .data          0x0000000000800101        0x0 ../lib_dir/libstatique.a(music.o)
 .data          0x0000000000800101        0x0 ../lib_dir/libstatique.a(navigation.o)
 .data          0x0000000000800101        0x0 ../lib_dir/libstatique.a(point.o)
 .data          0x0000000000800101        0x0 ../lib_dir/libstatique.a(wheel.o)
 .data          0x0000000000800101        0x0 /usr/lib/gcc/avr/11.2.0/avr5/libgcc.a(_udivmodhi4.o)
 .data          0x0000000000800101        0x0 /usr/lib/gcc/avr/11.2.0/avr5/libgcc.a(_divmodhi4.o)
 .data          0x0000000000800101        0x0 /usr/lib/gcc/avr/11.2.0/avr5/libgcc.a(_exit.o)
 .data          0x0000000000800101        0x0 /usr/lib/gcc/avr/11.2.0/avr5/libgcc.a(_tablejump2.o)
 .data          0x0000000000800101        0x0 /usr/lib/gcc/avr/11.2.0/avr5/libgcc.a(_copy_data.o)
 .data          0x0000000000800101        0x0 /usr/lib/gcc/avr/11.2.0/avr5/libgcc.a(_clear_bss.o)
 .data          0x0000000000800101        0x0 /usr/lib/gcc/avr/11.2.0/avr5/libgcc.a(_ctors.o)
 .data          0x0000000000800101        0x0 /usr/lib/gcc/avr/11.2.0/avr5/libgcc.a(_dtors.o)
 .data          0x0000000000800101        0x0 /usr/lib/gcc/avr/11.2.0/../../../../avr/lib/avr5/libm.a(fixunssfsi.o)
 .data          0x0000000000800101        0x0 /usr/lib/gcc/avr/11.2.0/../../../../avr/lib/avr5/libm.a(fp_split3.o)
 .data          0x0000000000800101        0x0 /usr/lib/gcc/avr/11.2.0/../../../../avr/lib/avr5/libm.a(fp_zero.o)
 *(.data*)
 *(.gnu.linkonce.d*)
 *(.rodata)
 *(.rodata*)
 *(.gnu.linkonce.r*)
                0x0000000000800102                . = ALIGN (0x2)
 *fill*         0x0000000000800101        0x1 
                0x0000000000800102                _edata = .
                0x0000000000800102                PROVIDE (__data_end = .)

.bss            0x0000000000800102       0x29
                0x0000000000800102                PROVIDE (__bss_start = .)
 *(.bss)
 .bss           0x0000000000800102        0x0 /usr/lib/gcc/avr/11.2.0/../../../../avr/lib/avr5/crtatmega324pa.o
 .bss           0x0000000000800102        0x0 cases.o
 .bss           0x0000000000800102       0x29 depart.o
                0x0000000000800102                soundOn
                0x0000000000800103                isFacingTop
                0x0000000000800104                whiteButtonPressed
                0x0000000000800105                interruptPressed
                0x0000000000800106                sound
                0x0000000000800107                led
                0x000000000080010d                whiteButton
                0x0000000000800112                interruptButton
                0x0000000000800117                adr
                0x0000000000800118                mem
                0x0000000000800119                com
                0x000000000080011a                coord
                0x000000000080011c                memWrited
                0x000000000080011d                val
                0x000000000080011e                counter
                0x000000000080011f                cann
                0x0000000000800120                vu
                0x0000000000800121                dist
                0x0000000000800122                detected
                0x0000000000800123                nav
                0x000000000080012a                communication
 .bss           0x000000000080012b        0x0 depart_update.o
 .bss           0x000000000080012b        0x0 main.o
 .bss           0x000000000080012b        0x0 ../lib_dir/libstatique.a(button.o)
 .bss           0x000000000080012b        0x0 ../lib_dir/libstatique.a(can.o)
 .bss           0x000000000080012b        0x0 ../lib_dir/libstatique.a(communication.o)
 .bss           0x000000000080012b        0x0 ../lib_dir/libstatique.a(led.o)
 .bss           0x000000000080012b        0x0 ../lib_dir/libstatique.a(memoire_24.o)
 .bss           0x000000000080012b        0x0 ../lib_dir/libstatique.a(music.o)
 .bss           0x000000000080012b        0x0 ../lib_dir/libstatique.a(navigation.o)
 .bss           0x000000000080012b        0x0 ../lib_dir/libstatique.a(point.o)
 .bss           0x000000000080012b        0x0 ../lib_dir/libstatique.a(wheel.o)
 .bss           0x000000000080012b        0x0 /usr/lib/gcc/avr/11.2.0/avr5/libgcc.a(_udivmodhi4.o)
 .bss           0x000000000080012b        0x0 /usr/lib/gcc/avr/11.2.0/avr5/libgcc.a(_divmodhi4.o)
 .bss           0x000000000080012b        0x0 /usr/lib/gcc/avr/11.2.0/avr5/libgcc.a(_exit.o)
 .bss           0x000000000080012b        0x0 /usr/lib/gcc/avr/11.2.0/avr5/libgcc.a(_tablejump2.o)
 .bss           0x000000000080012b        0x0 /usr/lib/gcc/avr/11.2.0/avr5/libgcc.a(_copy_data.o)
 .bss           0x000000000080012b        0x0 /usr/lib/gcc/avr/11.2.0/avr5/libgcc.a(_clear_bss.o)
 .bss           0x000000000080012b        0x0 /usr/lib/gcc/avr/11.2.0/avr5/libgcc.a(_ctors.o)
 .bss           0x000000000080012b        0x0 /usr/lib/gcc/avr/11.2.0/avr5/libgcc.a(_dtors.o)
 .bss           0x000000000080012b        0x0 /usr/lib/gcc/avr/11.2.0/../../../../avr/lib/avr5/libm.a(fixunssfsi.o)
 .bss           0x000000000080012b        0x0 /usr/lib/gcc/avr/11.2.0/../../../../avr/lib/avr5/libm.a(fp_split3.o)
 .bss           0x000000000080012b        0x0 /usr/lib/gcc/avr/11.2.0/../../../../avr/lib/avr5/libm.a(fp_zero.o)
 *(.bss*)
 *(COMMON)
                0x000000000080012b                PROVIDE (__bss_end = .)
                0x00000000000021ca                __data_load_start = LOADADDR (.data)
                0x00000000000021cc                __data_load_end = (__data_load_start + SIZEOF (.data))

.noinit         0x000000000080012b        0x0
                [!provide]                        PROVIDE (__noinit_start = .)
 *(.noinit .noinit.* .gnu.linkonce.n.*)
                [!provide]                        PROVIDE (__noinit_end = .)
                0x000000000080012b                _end = .
                [!provide]                        PROVIDE (__heap_start = .)

.eeprom         0x0000000000810000        0x0
 *(.eeprom*)
                0x0000000000810000                __eeprom_end = .

.fuse
 *(.fuse)
 *(.lfuse)
 *(.hfuse)
 *(.efuse)

.lock
 *(.lock*)

.signature
 *(.signature*)

.stab           0x0000000000000000     0x50d0
 *(.stab)
 .stab          0x0000000000000000       0x3c cases.o
 .stab          0x000000000000003c     0x1c14 depart.o
                                       0x1c20 (size before relaxing)
 .stab          0x0000000000001c50       0x30 depart_update.o
                                         0x3c (size before relaxing)
 .stab          0x0000000000001c80       0x30 main.o
                                         0x3c (size before relaxing)
 .stab          0x0000000000001cb0      0x270 ../lib_dir/libstatique.a(button.o)
                                        0x27c (size before relaxing)
 .stab          0x0000000000001f20      0x1e0 ../lib_dir/libstatique.a(can.o)
                                        0x1ec (size before relaxing)
 .stab          0x0000000000002100      0x24c ../lib_dir/libstatique.a(communication.o)
                                        0x258 (size before relaxing)
 .stab          0x000000000000234c      0x4e0 ../lib_dir/libstatique.a(led.o)
                                        0x4ec (size before relaxing)
 .stab          0x000000000000282c      0xc18 ../lib_dir/libstatique.a(memoire_24.o)
                                        0xc24 (size before relaxing)
 .stab          0x0000000000003444     0x138c ../lib_dir/libstatique.a(music.o)
                                       0x1398 (size before relaxing)
 .stab          0x00000000000047d0      0x3fc ../lib_dir/libstatique.a(navigation.o)
                                        0x408 (size before relaxing)
 .stab          0x0000000000004bcc      0x300 ../lib_dir/libstatique.a(point.o)
                                        0x30c (size before relaxing)
 .stab          0x0000000000004ecc      0x204 ../lib_dir/libstatique.a(wheel.o)
                                        0x210 (size before relaxing)

.stabstr        0x0000000000000000     0x4f00
 *(.stabstr)
 .stabstr       0x0000000000000000     0x4f00 cases.o

.stab.excl
 *(.stab.excl)

.stab.exclstr
 *(.stab.exclstr)

.stab.index
 *(.stab.index)

.stab.indexstr
 *(.stab.indexstr)

.comment        0x0000000000000000       0x23
 *(.comment)
 .comment       0x0000000000000000       0x23 cases.o
                                         0x24 (size before relaxing)
 .comment       0x0000000000000023       0x24 depart.o
 .comment       0x0000000000000023       0x24 depart_update.o
 .comment       0x0000000000000023       0x24 main.o
 .comment       0x0000000000000023       0x24 ../lib_dir/libstatique.a(button.o)
 .comment       0x0000000000000023       0x24 ../lib_dir/libstatique.a(can.o)
 .comment       0x0000000000000023       0x24 ../lib_dir/libstatique.a(communication.o)
 .comment       0x0000000000000023       0x24 ../lib_dir/libstatique.a(led.o)
 .comment       0x0000000000000023       0x24 ../lib_dir/libstatique.a(memoire_24.o)
 .comment       0x0000000000000023       0x24 ../lib_dir/libstatique.a(music.o)
 .comment       0x0000000000000023       0x24 ../lib_dir/libstatique.a(navigation.o)
 .comment       0x0000000000000023       0x24 ../lib_dir/libstatique.a(point.o)
 .comment       0x0000000000000023       0x24 ../lib_dir/libstatique.a(wheel.o)

.note.gnu.avr.deviceinfo
                0x0000000000000000       0x40
 .note.gnu.avr.deviceinfo
                0x0000000000000000       0x40 /usr/lib/gcc/avr/11.2.0/../../../../avr/lib/avr5/crtatmega324pa.o

.note.gnu.build-id
 *(.note.gnu.build-id)

.debug
 *(.debug)

.line
 *(.line)

.debug_srcinfo
 *(.debug_srcinfo)

.debug_sfnames
 *(.debug_sfnames)

.debug_aranges
 *(.debug_aranges)

.debug_pubnames
 *(.debug_pubnames)

.debug_info     0x0000000000000000      0x6cc
 *(.debug_info .gnu.linkonce.wi.*)
 .debug_info    0x0000000000000000      0x6cc /usr/lib/gcc/avr/11.2.0/../../../../avr/lib/avr5/crtatmega324pa.o

.debug_abbrev   0x0000000000000000      0x66e
 *(.debug_abbrev)
 .debug_abbrev  0x0000000000000000      0x66e /usr/lib/gcc/avr/11.2.0/../../../../avr/lib/avr5/crtatmega324pa.o

.debug_line     0x0000000000000000       0x1d
 *(.debug_line .debug_line.* .debug_line_end)
 .debug_line    0x0000000000000000       0x1d /usr/lib/gcc/avr/11.2.0/../../../../avr/lib/avr5/crtatmega324pa.o

.debug_frame
 *(.debug_frame)

.debug_str      0x0000000000000000      0x255
 *(.debug_str)
 .debug_str     0x0000000000000000      0x255 /usr/lib/gcc/avr/11.2.0/../../../../avr/lib/avr5/crtatmega324pa.o

.debug_loc
 *(.debug_loc)

.debug_macinfo
 *(.debug_macinfo)

.debug_weaknames
 *(.debug_weaknames)

.debug_funcnames
 *(.debug_funcnames)

.debug_typenames
 *(.debug_typenames)

.debug_varnames
 *(.debug_varnames)

.debug_pubtypes
 *(.debug_pubtypes)

.debug_ranges
 *(.debug_ranges)

.debug_addr
 *(.debug_addr)

.debug_line_str
 *(.debug_line_str)

.debug_loclists
 *(.debug_loclists)

.debug_macro
 *(.debug_macro)

.debug_names
 *(.debug_names)

.debug_rnglists
 *(.debug_rnglists)

.debug_str_offsets
 *(.debug_str_offsets)

.debug_sup
 *(.debug_sup)
OUTPUT(executable.elf elf32-avr)
LOAD linker stubs
